MPLINK 5.08, LINKER
Linker Map File - Created Wed Aug  5 21:15:18 2015

                                 Section Info
                  Section       Type    Address   Location Size(Bytes)
                ---------  ---------  ---------  ---------  ---------
                   .org_1       code   0x000000    program   0x000002
                   .cinit    romdata   0x000001    program   0x000004
                   .org_2       code   0x000004    program   0x000220
.config_2007_BUILD/DEFAULT/PRODUCTION/MAIN.O       code   0x002007    program   0x000002
                   .org_0       code   0x002100    program   0x000002



                              Program Memory Usage 
                               Start         End      
                           ---------   ---------      
                            0x000000    0x000002      
                            0x000004    0x000113      
                            0x002007    0x002007      
                            0x002100    0x002100      
            277 out of 1093 program addresses used, program memory utilization is 25%



                              Symbols - Sorted by Name
                     Name    Address   Location    Storage File                     
                ---------  ---------  ---------  --------- ---------                
             _.org_2_0106   0x000106    program     static /Users/dolenle/MPLABXProjects/BFComputer.X/main.asm
             _.org_2_0108   0x000108    program     static /Users/dolenle/MPLABXProjects/BFComputer.X/main.asm
             _.org_2_010E   0x00010e    program     static /Users/dolenle/MPLABXProjects/BFComputer.X/main.asm
             _.org_2_0110   0x000110    program     static /Users/dolenle/MPLABXProjects/BFComputer.X/main.asm
                  addinst   0x000113    program     static /Users/dolenle/MPLABXProjects/BFComputer.X/main.asm
                     disp   0x000044    program     static /Users/dolenle/MPLABXProjects/BFComputer.X/main.asm
                     idle   0x00006e    program     static /Users/dolenle/MPLABXProjects/BFComputer.X/main.asm
                     isr2   0x00000c    program     static /Users/dolenle/MPLABXProjects/BFComputer.X/main.asm
               isr_editor   0x000075    program     static /Users/dolenle/MPLABXProjects/BFComputer.X/main.asm
         isr_editor_cont1   0x000087    program     static /Users/dolenle/MPLABXProjects/BFComputer.X/main.asm
         isr_editor_cont2   0x0000a5    program     static /Users/dolenle/MPLABXProjects/BFComputer.X/main.asm
                isr_input   0x0000b3    program     static /Users/dolenle/MPLABXProjects/BFComputer.X/main.asm
                  l4_loop   0x0000cd    program     static /Users/dolenle/MPLABXProjects/BFComputer.X/main.asm
                lcd_line2   0x0000fe    program     static /Users/dolenle/MPLABXProjects/BFComputer.X/main.asm
                lcd_write   0x0000b4    program     static /Users/dolenle/MPLABXProjects/BFComputer.X/main.asm
                      msg   0x000011    program     static /Users/dolenle/MPLABXProjects/BFComputer.X/main.asm
                   ptrops   0x00009e    program     static /Users/dolenle/MPLABXProjects/BFComputer.X/main.asm
                  r4_loop   0x0000d8    program     static /Users/dolenle/MPLABXProjects/BFComputer.X/main.asm
                 resetLCD   0x0000e6    program     static /Users/dolenle/MPLABXProjects/BFComputer.X/main.asm
                   right4   0x0000d6    program     static /Users/dolenle/MPLABXProjects/BFComputer.X/main.asm
                 run_loop   0x000070    program     static /Users/dolenle/MPLABXProjects/BFComputer.X/main.asm
                   shift2   0x0000dc    program     static /Users/dolenle/MPLABXProjects/BFComputer.X/main.asm
                   shift4   0x0000cb    program     static /Users/dolenle/MPLABXProjects/BFComputer.X/main.asm
                   splash   0x00002e    program     static /Users/dolenle/MPLABXProjects/BFComputer.X/main.asm
                    start   0x000020    program     static /Users/dolenle/MPLABXProjects/BFComputer.X/main.asm
               start_cont   0x00003a    program     static /Users/dolenle/MPLABXProjects/BFComputer.X/main.asm
                     wait   0x000104    program     static /Users/dolenle/MPLABXProjects/BFComputer.X/main.asm
                   wait50   0x00010c    program     static /Users/dolenle/MPLABXProjects/BFComputer.X/main.asm
                 waitloop   0x000105    program     static /Users/dolenle/MPLABXProjects/BFComputer.X/main.asm
                write_odd   0x000083    program     static /Users/dolenle/MPLABXProjects/BFComputer.X/main.asm
         xisr_editor_cont   0x00005d    program     static /Users/dolenle/MPLABXProjects/BFComputer.X/main.asm
                  xptrops   0x000056    program     static /Users/dolenle/MPLABXProjects/BFComputer.X/main.asm



                              Symbols - Sorted by Address
                     Name    Address   Location    Storage File                     
                ---------  ---------  ---------  --------- ---------                
                     isr2   0x00000c    program     static /Users/dolenle/MPLABXProjects/BFComputer.X/main.asm
                      msg   0x000011    program     static /Users/dolenle/MPLABXProjects/BFComputer.X/main.asm
                    start   0x000020    program     static /Users/dolenle/MPLABXProjects/BFComputer.X/main.asm
                   splash   0x00002e    program     static /Users/dolenle/MPLABXProjects/BFComputer.X/main.asm
               start_cont   0x00003a    program     static /Users/dolenle/MPLABXProjects/BFComputer.X/main.asm
                     disp   0x000044    program     static /Users/dolenle/MPLABXProjects/BFComputer.X/main.asm
                  xptrops   0x000056    program     static /Users/dolenle/MPLABXProjects/BFComputer.X/main.asm
         xisr_editor_cont   0x00005d    program     static /Users/dolenle/MPLABXProjects/BFComputer.X/main.asm
                     idle   0x00006e    program     static /Users/dolenle/MPLABXProjects/BFComputer.X/main.asm
                 run_loop   0x000070    program     static /Users/dolenle/MPLABXProjects/BFComputer.X/main.asm
               isr_editor   0x000075    program     static /Users/dolenle/MPLABXProjects/BFComputer.X/main.asm
                write_odd   0x000083    program     static /Users/dolenle/MPLABXProjects/BFComputer.X/main.asm
         isr_editor_cont1   0x000087    program     static /Users/dolenle/MPLABXProjects/BFComputer.X/main.asm
                   ptrops   0x00009e    program     static /Users/dolenle/MPLABXProjects/BFComputer.X/main.asm
         isr_editor_cont2   0x0000a5    program     static /Users/dolenle/MPLABXProjects/BFComputer.X/main.asm
                isr_input   0x0000b3    program     static /Users/dolenle/MPLABXProjects/BFComputer.X/main.asm
                lcd_write   0x0000b4    program     static /Users/dolenle/MPLABXProjects/BFComputer.X/main.asm
                   shift4   0x0000cb    program     static /Users/dolenle/MPLABXProjects/BFComputer.X/main.asm
                  l4_loop   0x0000cd    program     static /Users/dolenle/MPLABXProjects/BFComputer.X/main.asm
                   right4   0x0000d6    program     static /Users/dolenle/MPLABXProjects/BFComputer.X/main.asm
                  r4_loop   0x0000d8    program     static /Users/dolenle/MPLABXProjects/BFComputer.X/main.asm
                   shift2   0x0000dc    program     static /Users/dolenle/MPLABXProjects/BFComputer.X/main.asm
                 resetLCD   0x0000e6    program     static /Users/dolenle/MPLABXProjects/BFComputer.X/main.asm
                lcd_line2   0x0000fe    program     static /Users/dolenle/MPLABXProjects/BFComputer.X/main.asm
                     wait   0x000104    program     static /Users/dolenle/MPLABXProjects/BFComputer.X/main.asm
                 waitloop   0x000105    program     static /Users/dolenle/MPLABXProjects/BFComputer.X/main.asm
             _.org_2_0106   0x000106    program     static /Users/dolenle/MPLABXProjects/BFComputer.X/main.asm
             _.org_2_0108   0x000108    program     static /Users/dolenle/MPLABXProjects/BFComputer.X/main.asm
                   wait50   0x00010c    program     static /Users/dolenle/MPLABXProjects/BFComputer.X/main.asm
             _.org_2_010E   0x00010e    program     static /Users/dolenle/MPLABXProjects/BFComputer.X/main.asm
             _.org_2_0110   0x000110    program     static /Users/dolenle/MPLABXProjects/BFComputer.X/main.asm
                  addinst   0x000113    program     static /Users/dolenle/MPLABXProjects/BFComputer.X/main.asm


